20:17 [Graphify] graphify update . ...
20:17 [Graphify] graphify update OK.
20:17 [Graphify] gen-folder-tree.py ...
20:17 [Graphify] selesai.
From github.com:moroxixi/MoroDuit
 * branch            main       -> FETCH_HEAD
Already up to date.
channel 0: open failed: administratively prohibited: 
fatal: Could not read from remote repository.

Please make sure you have the correct access rights
and the repository exists.
20:17 [Git] Push GAGAL:
channel 0: open failed: administratively prohibited: 
fatal: Could not read from remote repository.

Please make sure you have the correct access rights
and the repository exists.
23:55 [Graphify] graphify update . ...
23:55 [Graphify] graphify update OK.
23:55 [Graphify] gen-folder-tree.py ...
23:55 [Graphify] graphify-out tracked — git add.
23:55 [Graphify] selesai.
